<?php
namespace Acelaya\Expressive;

return array(
    'dependencies' => array(
        'factories' => array(
            'Mezzio\Router\RouterInterface' => 'Acelaya\Expressive\Factory\SlimRouterFactory',
        ),
    ),
);
